// Vitest Snapshot v1, https://vitest.dev/guide/snapshot.html

exports[`PageHeader component > should match a snapshot 1`] = `
<DocumentFragment>
  <div
    class="mocked-styled-3 el-page-header-wrap"
  >
    <div
      class="mocked-styled-2 el-page-header-wrap-inner"
    >
      <div
        class="el-mb6 el-deprecated-bread-crumb-container"
      >
        <div
          class="el-flex-container el-flex-align-center"
        >
          <a
            aria-current="false"
            aria-label="Breadcrumb item hit return to navigate to Home"
            class="mocked-styled-17 el-deprecated-bread-crumb-item"
            role="button"
            tabindex="0"
          >
            Home
          </a>
        </div>
        <div
          class="el-flex-container el-flex-align-center"
        >
          <span
            class="el-mr2 el-intent-default el-icon"
            style="font-size: 12px;"
          >
            <svg
              fill="none"
              height="1em"
              role="img"
              style="font-size: 12px;"
              title="Icon image with name chevronRight"
              viewBox="0 0 24 24"
              width="1em"
              xmlns="http://www.w3.org/2000/svg"
            >
              <path
                d="M8.5045 20.0041C8.23904 20.0056 7.98389 19.9013 7.79542 19.7141C7.60635 19.5263 7.5 19.2707 7.5 19.0041C7.5 18.7375 7.60635 18.4819 7.79542 18.2941L14.0873 12.0041L7.79542 5.71409C7.4038 5.32197 7.4038 4.68621 7.79542 4.29409C8.18704 3.90197 8.82197 3.90197 9.21359 4.29409L16.2046 11.2941C16.3937 11.4819 16.5 11.7375 16.5 12.0041C16.5 12.2707 16.3937 12.5263 16.2046 12.7141L9.21359 19.7141C9.02511 19.9013 8.76996 20.0056 8.5045 20.0041Z"
                fill="currentColor"
              />
            </svg>
          </span>
          <a
            aria-current="false"
            aria-label="Breadcrumb item hit return to navigate to Level 1"
            class="mocked-styled-17 el-deprecated-bread-crumb-item"
            role="button"
            tabindex="0"
          >
            Level 1
          </a>
        </div>
        <div
          class="el-flex-container el-flex-align-center"
        >
          <span
            class="el-mr2 el-intent-default el-icon"
            style="font-size: 12px;"
          >
            <svg
              fill="none"
              height="1em"
              role="img"
              style="font-size: 12px;"
              title="Icon image with name chevronRight"
              viewBox="0 0 24 24"
              width="1em"
              xmlns="http://www.w3.org/2000/svg"
            >
              <path
                d="M8.5045 20.0041C8.23904 20.0056 7.98389 19.9013 7.79542 19.7141C7.60635 19.5263 7.5 19.2707 7.5 19.0041C7.5 18.7375 7.60635 18.4819 7.79542 18.2941L14.0873 12.0041L7.79542 5.71409C7.4038 5.32197 7.4038 4.68621 7.79542 4.29409C8.18704 3.90197 8.82197 3.90197 9.21359 4.29409L16.2046 11.2941C16.3937 11.4819 16.5 11.7375 16.5 12.0041C16.5 12.2707 16.3937 12.5263 16.2046 12.7141L9.21359 19.7141C9.02511 19.9013 8.76996 20.0056 8.5045 20.0041Z"
                fill="currentColor"
              />
            </svg>
          </span>
          <a
            aria-current="false"
            aria-label="Breadcrumb item hit return to navigate to Level 2"
            class="mocked-styled-17 el-deprecated-bread-crumb-item"
            role="button"
            tabindex="0"
          >
            Level 2
          </a>
        </div>
        <div
          class="el-flex-container el-flex-align-center"
        >
          <span
            class="el-mr2 el-intent-default el-icon"
            style="font-size: 12px;"
          >
            <svg
              fill="none"
              height="1em"
              role="img"
              style="font-size: 12px;"
              title="Icon image with name chevronRight"
              viewBox="0 0 24 24"
              width="1em"
              xmlns="http://www.w3.org/2000/svg"
            >
              <path
                d="M8.5045 20.0041C8.23904 20.0056 7.98389 19.9013 7.79542 19.7141C7.60635 19.5263 7.5 19.2707 7.5 19.0041C7.5 18.7375 7.60635 18.4819 7.79542 18.2941L14.0873 12.0041L7.79542 5.71409C7.4038 5.32197 7.4038 4.68621 7.79542 4.29409C8.18704 3.90197 8.82197 3.90197 9.21359 4.29409L16.2046 11.2941C16.3937 11.4819 16.5 11.7375 16.5 12.0041C16.5 12.2707 16.3937 12.5263 16.2046 12.7141L9.21359 19.7141C9.02511 19.9013 8.76996 20.0056 8.5045 20.0041Z"
                fill="currentColor"
              />
            </svg>
          </span>
          <a
            aria-current="page"
            aria-label="Breadcrumb item hit return to navigate to Level 3"
            class="mocked-styled-17 el-deprecated-bread-crumb-item"
            role="button"
            tabindex="0"
          >
            Level 3
          </a>
        </div>
      </div>
      <div
        class="mocked-styled-0 el-page-header-container"
      >
        <div
          class="mocked-styled-0 el-page-header-container"
        >
          <div
            class="mocked-styled-6 el-deprecated-avatar el-deprecated-avatar-image el-deprecated-avatar"
            role="img"
            title="An avatar image"
          >
            <img
              alt="An image with source https://picsum.photos/200/300"
              src="https://picsum.photos/200/300"
            />
          </div>
          <div
            class="el-flex-container el-flex-column"
          >
            <div
              class="mocked-styled-1 el-page-header-title-container"
            >
              <h1
                class="el-text-base el-text2xl el-has-bold-text el-mr3"
              >
                Page Title
              </h1>
              <div
                class="mocked-styled-8 el-deprecated-tag-group"
              >
                <div
                  class="mocked-styled-9 el-deprecated-tag-group-inner"
                >
                  <span
                    class="el-intent-primary el-deprecated-tag"
                  >
                    Tag 1
                  </span>
                  <span
                    class="el-intent-primary el-deprecated-tag"
                  >
                    Tag 2
                  </span>
                </div>
              </div>
            </div>
            <h2
              class="el-text-base el-text-l el-has-bold-text"
            >
              Page Sub Title
            </h2>
            <div
              class="el-flex-container"
            >
              <div
                class="el-text-base"
              >
                Page Info 1
              </div>
              <span
                class="mocked-styled-4 el-page-header-separator"
              />
              <div
                class="el-text-base"
              >
                Page Info 2
              </div>
              <span
                class="mocked-styled-4 el-page-header-separator"
              />
              <div
                class="el-text-base"
              >
                Page Info 3
              </div>
            </div>
          </div>
        </div>
        <div
          class="mocked-styled-14 deprecated-el-button-group"
        >
          <div
            class="mocked-styled-15 el-button-group-inner"
          >
            <button
              aria-disabled="false"
              class="el-button-size-small el-button"
              data-variant="primary"
              role="button"
            >
              <div
                class="mocked-styled-10 el-button-spinner"
              />
              <span
                class="mocked-styled-11 el-button-label"
              >
                Button 1
              </span>
            </button>
            <button
              aria-disabled="false"
              class="el-button-size-small el-button"
              role="button"
            >
              <div
                class="mocked-styled-10 el-button-spinner"
              />
              <span
                class="mocked-styled-11 el-button-label"
              >
                Button 2
              </span>
            </button>
          </div>
        </div>
      </div>
      <div
        class="el-tabs-full-width el-tabs-wrap"
      >
        <div
          class="mocked-styled-23 el-tabs-options-wrap"
          role="tablist"
        >
          <input
            aria-selected="true"
            checked=""
            class="mocked-styled-20 el-tab"
            id="tab-1-fw"
            name="my-cool-tabs-full-width"
            type="radio"
            value="tab-1-fw"
          />
          <label
            class="mocked-styled-21 el-tabs-label"
            for="tab-1-fw"
            role="tab"
            tabindex="0"
          >
            <span
              class="mocked-styled-19 el-tabs-item"
            >
              Tab Content 1
            </span>
          </label>
          <input
            aria-selected="false"
            class="mocked-styled-20 el-tab"
            id="tab-2-fw"
            name="my-cool-tabs-full-width"
            type="radio"
            value="tab-2-fw"
          />
          <label
            class="mocked-styled-21 el-tabs-label"
            for="tab-2-fw"
            role="tab"
            tabindex="0"
          >
            <span
              class="mocked-styled-19 el-tabs-item"
            >
              Tab Content 2
            </span>
          </label>
          <input
            aria-selected="false"
            class="mocked-styled-20 el-tab"
            id="tab-3-fw"
            name="my-cool-tabs-full-width"
            type="radio"
            value="tab-3-fw"
          />
          <label
            class="mocked-styled-21 el-tabs-label"
            for="tab-3-fw"
            role="tab"
            tabindex="0"
          >
            <span
              class="mocked-styled-19 el-tabs-item"
            >
              Tab Content 3
            </span>
          </label>
        </div>
        <div
          class="el-tabs-full-width el-tabs-has-no-border el-tabs-footer"
        />
      </div>
    </div>
  </div>
</DocumentFragment>
`;
