// Vitest Snapshot v1, https://vitest.dev/guide/snapshot.html

exports[`AvatarButton > should render the component and match snapshot 1`] = `
<DocumentFragment>
  <button
    aria-label="Open user navigation menu"
    class="mocked-styled-1 el-avatar-button"
    data-custom="custom props"
  >
    <span
      class="mocked-styled-0 el-avatar"
      data-colour="purple"
      data-shape="circle"
      data-size="small"
      role="presentation"
    >
      Test label
    </span>
  </button>
</DocumentFragment>
`;
