// Vitest Snapshot v1, https://vitest.dev/guide/snapshot.html

exports[`EmptyData > should render default component properly and match snapshot 1`] = `
<DocumentFragment>
  <div
    class="mocked-styled-3 el-empty-data"
  >
    <h4
      class="mocked-styled-0 el-empty-data-heading"
    >
      Description
    </h4>
    <p
      class="mocked-styled-1 el-empty-data-content"
    >
      Secondary Description
    </p>
    <button
      class="mocked-styled-2 el-empty-data-action-button"
    >
      Action Button Text
    </button>
  </div>
</DocumentFragment>
`;
