// Vitest Snapshot v1, https://vitest.dev/guide/snapshot.html

exports[`TableHeaderCell > should match snapshot 1`] = `
<DocumentFragment>
  <table>
    <thead>
      <tr>
        <th
          class="mocked-styled-0 el-experimental-table-header-cell"
          data-alignment="left"
          style="--tablecell-header-max-width: 100%; --tablecell-header-min-width: auto; --tablecell-header-width: auto;"
        >
          <div
            class="mocked-styled-1 el-experimental-table-header-cell-content"
            data-alignment="left"
          >
            Mock Children
          </div>
        </th>
      </tr>
    </thead>
  </table>
</DocumentFragment>
`;
