// Vitest Snapshot v1, https://vitest.dev/guide/snapshot.html

exports[`renders correctly and matches snapshot 1`] = `
<DocumentFragment>
  <style>
    
        .el-css-container-query-1 {
          display: contents;

          @container (max-width: 600px)  {
            display: none;
          }
        }
      
  </style>
  <div
    class="el-css-container-query-1"
  >
    <p>
      Snapshot Test Content
    </p>
  </div>
</DocumentFragment>
`;
