// Vitest Snapshot v1, https://vitest.dev/guide/snapshot.html

exports[`Tag > should render properly and match snapshot 1`] = `
<DocumentFragment>
  <ul
    class="mocked-styled-1 el-tag-group"
  >
    <li
      class="mocked-styled-0 el-tag"
    >
      Tag
    </li>
  </ul>
</DocumentFragment>
`;
