// Vitest Snapshot v1, https://vitest.dev/guide/snapshot.html

exports[`ToolTip > should match a snapshot and render children 1`] = `
<DocumentFragment>
  <div
    class="mocked-styled-1 el-tool-tip-container"
  >
    Hover here
    <div
      class="el-tool-tip-active el-tool-tip-child"
      role="tooltip"
    >
      hello there
    </div>
  </div>
</DocumentFragment>
`;
