// Vitest Snapshot v1, https://vitest.dev/guide/snapshot.html

exports[`renders AppSwitcherExploreMenuGroup properly 1`] = `
<DocumentFragment>
  <div
    class="mocked-styled-11 el-menu-item-group"
    role="group"
  >
    <div
      class="mocked-styled-10 el-menu-item-group-title"
    >
      EXPLORE
    </div>
    Fake child
  </div>
</DocumentFragment>
`;
