// Vitest Snapshot v1, https://vitest.dev/guide/snapshot.html

exports[`NavDropdownButton > matches snapshot when collapsed 1`] = `
<DocumentFragment>
  <button
    class="mocked-styled-0 el-nav-dropdown-button"
    type="button"
  >
    Test Button
    <div
      data-testid="icon"
    />
  </button>
</DocumentFragment>
`;

exports[`NavDropdownButton > matches snapshot when expanded 1`] = `
<DocumentFragment>
  <button
    class="mocked-styled-0 el-nav-dropdown-button"
    type="button"
  >
    Test Button
    <div
      data-testid="icon"
    />
  </button>
</DocumentFragment>
`;
