// Vitest Snapshot v1, https://vitest.dev/guide/snapshot.html

exports[`BreadCrumb > should match a snapshot 1`] = `
{
  "asFragment": [Function],
  "baseElement": <body>
    <div>
      <div
        class="mocked-styled-1 el-bread-crumb-container"
      >
        <div
          class="el-flex-container el-flex-align-center"
        >
          <a
            aria-current="false"
            aria-label="Breadcrumb item hit return to navigate to Home"
            class="mocked-styled-0 el-bread-crumb-item"
            role="button"
            tabindex="0"
          >
            Home
          </a>
        </div>
        <div
          class="el-flex-container el-flex-align-center"
        >
          <span
            class="el-mr2 el-intent-default el-icon"
            style="font-size: 12px;"
          >
            <svg
              fill="none"
              height="24"
              role="img"
              style="font-size: 12px;"
              title="Icon image with name chevronRight"
              viewBox="0 0 24 24"
              width="24"
              xmlns="http://www.w3.org/2000/svg"
            >
              <path
                d="M8.5045 20.0041C8.23904 20.0056 7.98389 19.9013 7.79542 19.7141C7.60635 19.5263 7.5 19.2707 7.5 19.0041C7.5 18.7375 7.60635 18.4819 7.79542 18.2941L14.0873 12.0041L7.79542 5.71409C7.4038 5.32197 7.4038 4.68621 7.79542 4.29409C8.18704 3.90197 8.82197 3.90197 9.21359 4.29409L16.2046 11.2941C16.3937 11.4819 16.5 11.7375 16.5 12.0041C16.5 12.2707 16.3937 12.5263 16.2046 12.7141L9.21359 19.7141C9.02511 19.9013 8.76996 20.0056 8.5045 20.0041Z"
                fill="currentColor"
              />
            </svg>
          </span>
          <a
            aria-current="false"
            aria-label="Breadcrumb item hit return to navigate to Level 1"
            class="mocked-styled-0 el-bread-crumb-item"
            role="button"
            tabindex="0"
          >
            Level 1
          </a>
        </div>
        <div
          class="el-flex-container el-flex-align-center"
        >
          <span
            class="el-mr2 el-intent-default el-icon"
            style="font-size: 12px;"
          >
            <svg
              fill="none"
              height="24"
              role="img"
              style="font-size: 12px;"
              title="Icon image with name chevronRight"
              viewBox="0 0 24 24"
              width="24"
              xmlns="http://www.w3.org/2000/svg"
            >
              <path
                d="M8.5045 20.0041C8.23904 20.0056 7.98389 19.9013 7.79542 19.7141C7.60635 19.5263 7.5 19.2707 7.5 19.0041C7.5 18.7375 7.60635 18.4819 7.79542 18.2941L14.0873 12.0041L7.79542 5.71409C7.4038 5.32197 7.4038 4.68621 7.79542 4.29409C8.18704 3.90197 8.82197 3.90197 9.21359 4.29409L16.2046 11.2941C16.3937 11.4819 16.5 11.7375 16.5 12.0041C16.5 12.2707 16.3937 12.5263 16.2046 12.7141L9.21359 19.7141C9.02511 19.9013 8.76996 20.0056 8.5045 20.0041Z"
                fill="currentColor"
              />
            </svg>
          </span>
          <a
            aria-current="false"
            aria-label="Breadcrumb item hit return to navigate to Level 2"
            class="mocked-styled-0 el-bread-crumb-item"
            role="button"
            tabindex="0"
          >
            Level 2
          </a>
        </div>
        <div
          class="el-flex-container el-flex-align-center"
        >
          <span
            class="el-mr2 el-intent-default el-icon"
            style="font-size: 12px;"
          >
            <svg
              fill="none"
              height="24"
              role="img"
              style="font-size: 12px;"
              title="Icon image with name chevronRight"
              viewBox="0 0 24 24"
              width="24"
              xmlns="http://www.w3.org/2000/svg"
            >
              <path
                d="M8.5045 20.0041C8.23904 20.0056 7.98389 19.9013 7.79542 19.7141C7.60635 19.5263 7.5 19.2707 7.5 19.0041C7.5 18.7375 7.60635 18.4819 7.79542 18.2941L14.0873 12.0041L7.79542 5.71409C7.4038 5.32197 7.4038 4.68621 7.79542 4.29409C8.18704 3.90197 8.82197 3.90197 9.21359 4.29409L16.2046 11.2941C16.3937 11.4819 16.5 11.7375 16.5 12.0041C16.5 12.2707 16.3937 12.5263 16.2046 12.7141L9.21359 19.7141C9.02511 19.9013 8.76996 20.0056 8.5045 20.0041Z"
                fill="currentColor"
              />
            </svg>
          </span>
          <a
            aria-current="page"
            aria-label="Breadcrumb item hit return to navigate to Level 3"
            class="mocked-styled-0 el-bread-crumb-item"
            role="button"
            tabindex="0"
          >
            Level 3
          </a>
        </div>
      </div>
    </div>
  </body>,
  "container": <div>
    <div
      class="mocked-styled-1 el-bread-crumb-container"
    >
      <div
        class="el-flex-container el-flex-align-center"
      >
        <a
          aria-current="false"
          aria-label="Breadcrumb item hit return to navigate to Home"
          class="mocked-styled-0 el-bread-crumb-item"
          role="button"
          tabindex="0"
        >
          Home
        </a>
      </div>
      <div
        class="el-flex-container el-flex-align-center"
      >
        <span
          class="el-mr2 el-intent-default el-icon"
          style="font-size: 12px;"
        >
          <svg
            fill="none"
            height="24"
            role="img"
            style="font-size: 12px;"
            title="Icon image with name chevronRight"
            viewBox="0 0 24 24"
            width="24"
            xmlns="http://www.w3.org/2000/svg"
          >
            <path
              d="M8.5045 20.0041C8.23904 20.0056 7.98389 19.9013 7.79542 19.7141C7.60635 19.5263 7.5 19.2707 7.5 19.0041C7.5 18.7375 7.60635 18.4819 7.79542 18.2941L14.0873 12.0041L7.79542 5.71409C7.4038 5.32197 7.4038 4.68621 7.79542 4.29409C8.18704 3.90197 8.82197 3.90197 9.21359 4.29409L16.2046 11.2941C16.3937 11.4819 16.5 11.7375 16.5 12.0041C16.5 12.2707 16.3937 12.5263 16.2046 12.7141L9.21359 19.7141C9.02511 19.9013 8.76996 20.0056 8.5045 20.0041Z"
              fill="currentColor"
            />
          </svg>
        </span>
        <a
          aria-current="false"
          aria-label="Breadcrumb item hit return to navigate to Level 1"
          class="mocked-styled-0 el-bread-crumb-item"
          role="button"
          tabindex="0"
        >
          Level 1
        </a>
      </div>
      <div
        class="el-flex-container el-flex-align-center"
      >
        <span
          class="el-mr2 el-intent-default el-icon"
          style="font-size: 12px;"
        >
          <svg
            fill="none"
            height="24"
            role="img"
            style="font-size: 12px;"
            title="Icon image with name chevronRight"
            viewBox="0 0 24 24"
            width="24"
            xmlns="http://www.w3.org/2000/svg"
          >
            <path
              d="M8.5045 20.0041C8.23904 20.0056 7.98389 19.9013 7.79542 19.7141C7.60635 19.5263 7.5 19.2707 7.5 19.0041C7.5 18.7375 7.60635 18.4819 7.79542 18.2941L14.0873 12.0041L7.79542 5.71409C7.4038 5.32197 7.4038 4.68621 7.79542 4.29409C8.18704 3.90197 8.82197 3.90197 9.21359 4.29409L16.2046 11.2941C16.3937 11.4819 16.5 11.7375 16.5 12.0041C16.5 12.2707 16.3937 12.5263 16.2046 12.7141L9.21359 19.7141C9.02511 19.9013 8.76996 20.0056 8.5045 20.0041Z"
              fill="currentColor"
            />
          </svg>
        </span>
        <a
          aria-current="false"
          aria-label="Breadcrumb item hit return to navigate to Level 2"
          class="mocked-styled-0 el-bread-crumb-item"
          role="button"
          tabindex="0"
        >
          Level 2
        </a>
      </div>
      <div
        class="el-flex-container el-flex-align-center"
      >
        <span
          class="el-mr2 el-intent-default el-icon"
          style="font-size: 12px;"
        >
          <svg
            fill="none"
            height="24"
            role="img"
            style="font-size: 12px;"
            title="Icon image with name chevronRight"
            viewBox="0 0 24 24"
            width="24"
            xmlns="http://www.w3.org/2000/svg"
          >
            <path
              d="M8.5045 20.0041C8.23904 20.0056 7.98389 19.9013 7.79542 19.7141C7.60635 19.5263 7.5 19.2707 7.5 19.0041C7.5 18.7375 7.60635 18.4819 7.79542 18.2941L14.0873 12.0041L7.79542 5.71409C7.4038 5.32197 7.4038 4.68621 7.79542 4.29409C8.18704 3.90197 8.82197 3.90197 9.21359 4.29409L16.2046 11.2941C16.3937 11.4819 16.5 11.7375 16.5 12.0041C16.5 12.2707 16.3937 12.5263 16.2046 12.7141L9.21359 19.7141C9.02511 19.9013 8.76996 20.0056 8.5045 20.0041Z"
              fill="currentColor"
            />
          </svg>
        </span>
        <a
          aria-current="page"
          aria-label="Breadcrumb item hit return to navigate to Level 3"
          class="mocked-styled-0 el-bread-crumb-item"
          role="button"
          tabindex="0"
        >
          Level 3
        </a>
      </div>
    </div>
  </div>,
  "debug": [Function],
  "findAllByAltText": [Function],
  "findAllByDisplayValue": [Function],
  "findAllByLabelText": [Function],
  "findAllByPlaceholderText": [Function],
  "findAllByRole": [Function],
  "findAllByTestId": [Function],
  "findAllByText": [Function],
  "findAllByTitle": [Function],
  "findByAltText": [Function],
  "findByDisplayValue": [Function],
  "findByLabelText": [Function],
  "findByPlaceholderText": [Function],
  "findByRole": [Function],
  "findByTestId": [Function],
  "findByText": [Function],
  "findByTitle": [Function],
  "getAllByAltText": [Function],
  "getAllByDisplayValue": [Function],
  "getAllByLabelText": [Function],
  "getAllByPlaceholderText": [Function],
  "getAllByRole": [Function],
  "getAllByTestId": [Function],
  "getAllByText": [Function],
  "getAllByTitle": [Function],
  "getByAltText": [Function],
  "getByDisplayValue": [Function],
  "getByLabelText": [Function],
  "getByPlaceholderText": [Function],
  "getByRole": [Function],
  "getByTestId": [Function],
  "getByText": [Function],
  "getByTitle": [Function],
  "queryAllByAltText": [Function],
  "queryAllByDisplayValue": [Function],
  "queryAllByLabelText": [Function],
  "queryAllByPlaceholderText": [Function],
  "queryAllByRole": [Function],
  "queryAllByTestId": [Function],
  "queryAllByText": [Function],
  "queryAllByTitle": [Function],
  "queryByAltText": [Function],
  "queryByDisplayValue": [Function],
  "queryByLabelText": [Function],
  "queryByPlaceholderText": [Function],
  "queryByRole": [Function],
  "queryByTestId": [Function],
  "queryByText": [Function],
  "queryByTitle": [Function],
  "rerender": [Function],
  "unmount": [Function],
}
`;
