// Vitest Snapshot v1, https://vitest.dev/guide/snapshot.html

exports[`Loader component > should match a snapshot 1`] = `
<DocumentFragment>
  <div
    class="mocked-styled-0 el-loader-container"
  >
    <div
      class="mocked-styled-2 el-loader"
    >
      <div
        class="mocked-styled-3 el-loader-moving-bar"
      />
    </div>
  </div>
</DocumentFragment>
`;
