// Vitest Snapshot v1, https://vitest.dev/guide/snapshot.html

exports[`Modal component > should match a snapshot when closed 1`] = `<DocumentFragment />`;

exports[`Modal component > should match a snapshot when open 1`] = `
<DocumentFragment>
  <div
    class="el-is-active el-modal-bg"
  />
  <div
    aria-describedby="test-static-id"
    aria-modal="true"
    class="el-is-active el-modal"
    role="dialog"
  >
    <div
      class="mocked-styled-2 el-modal-header"
    >
      test
    </div>
    <div
      class="mocked-styled-0 el-modal-bg"
      id="test-static-id"
    >
      Content within modal
    </div>
  </div>
</DocumentFragment>
`;
