// Jest Snapshot v1, https://goo.gl/fbAQLP

exports[`Modal component should match a snapshot when closed 1`] = `<DocumentFragment />`;

exports[`Modal component should match a snapshot when open 1`] = `
<DocumentFragment>
  <mock-styled.div
    classname="mock-css."
  />
  <mock-styled.div
    aria-describedby="test-static-id"
    aria-modal="true"
    classname="mock-css."
    role="dialog"
    title="Title"
  >
    <mock-styled.div>
      Title
    </mock-styled.div>
    <mock-styled.div
      id="test-static-id"
    >
      Content within modal
    </mock-styled.div>
    <mock-styled.div>
      Footer
    </mock-styled.div>
  </mock-styled.div>
</DocumentFragment>
`;
