// Vitest Snapshot v1, https://vitest.dev/guide/snapshot.html

exports[`TextInput component > should match a snapshot 1`] = `
<DocumentFragment>
  <div
    class="mocked-styled-0 el-text-input"
  >
    <div
      class="mocked-styled-1 el-input-field-wrapper"
    >
      <input
        aria-label="Input type undefined"
        class="mocked-styled-2 el-input-field"
      />
    </div>
  </div>
</DocumentFragment>
`;
