// Vitest Snapshot v1, https://vitest.dev/guide/snapshot.html

exports[`BreadCrumb > should match a snapshot 1`] = `
<DocumentFragment>
  <div
    class="mocked-styled-1 el-deprecated-bread-crumb-container"
  >
    <div
      class="el-flex-container el-flex-align-center"
    >
      <a
        aria-current="false"
        aria-label="Breadcrumb item hit return to navigate to Home"
        class="mocked-styled-0 el-deprecated-bread-crumb-item"
        role="button"
        tabindex="0"
      >
        Home
      </a>
    </div>
    <div
      class="el-flex-container el-flex-align-center"
    >
      <svg
        class="el-icon el-mr2"
        color="secondary"
        data-size="xs"
        fill="currentColor"
        height="24"
        viewBox="0 0 24 24"
        width="24"
        xmlns="http://www.w3.org/2000/svg"
      >
        <path
          d="M8.505 20.004a.998.998 0 0 1-1.005-1 1 1 0 0 1 .295-.71l6.292-6.29-6.292-6.29a1.005 1.005 0 0 1 0-1.42 1.002 1.002 0 0 1 1.419 0l6.99 7a1 1 0 0 1 0 1.42l-6.99 7a.998.998 0 0 1-.71.29Z"
        />
      </svg>
      <a
        aria-current="false"
        aria-label="Breadcrumb item hit return to navigate to Level 1"
        class="mocked-styled-0 el-deprecated-bread-crumb-item"
        role="button"
        tabindex="0"
      >
        Level 1
      </a>
    </div>
    <div
      class="el-flex-container el-flex-align-center"
    >
      <svg
        class="el-icon el-mr2"
        color="secondary"
        data-size="xs"
        fill="currentColor"
        height="24"
        viewBox="0 0 24 24"
        width="24"
        xmlns="http://www.w3.org/2000/svg"
      >
        <path
          d="M8.505 20.004a.998.998 0 0 1-1.005-1 1 1 0 0 1 .295-.71l6.292-6.29-6.292-6.29a1.005 1.005 0 0 1 0-1.42 1.002 1.002 0 0 1 1.419 0l6.99 7a1 1 0 0 1 0 1.42l-6.99 7a.998.998 0 0 1-.71.29Z"
        />
      </svg>
      <a
        aria-current="false"
        aria-label="Breadcrumb item hit return to navigate to Level 2"
        class="mocked-styled-0 el-deprecated-bread-crumb-item"
        role="button"
        tabindex="0"
      >
        Level 2
      </a>
    </div>
    <div
      class="el-flex-container el-flex-align-center"
    >
      <svg
        class="el-icon el-mr2"
        color="secondary"
        data-size="xs"
        fill="currentColor"
        height="24"
        viewBox="0 0 24 24"
        width="24"
        xmlns="http://www.w3.org/2000/svg"
      >
        <path
          d="M8.505 20.004a.998.998 0 0 1-1.005-1 1 1 0 0 1 .295-.71l6.292-6.29-6.292-6.29a1.005 1.005 0 0 1 0-1.42 1.002 1.002 0 0 1 1.419 0l6.99 7a1 1 0 0 1 0 1.42l-6.99 7a.998.998 0 0 1-.71.29Z"
        />
      </svg>
      <a
        aria-current="page"
        aria-label="Breadcrumb item hit return to navigate to Level 3"
        class="mocked-styled-0 el-deprecated-bread-crumb-item"
        role="button"
        tabindex="0"
      >
        Level 3
      </a>
    </div>
  </div>
</DocumentFragment>
`;
