// Vitest Snapshot v1, https://vitest.dev/guide/snapshot.html

exports[`TopBar Snapshot > should match snapshot 1`] = `
<DocumentFragment>
  <nav>
    <div
      class="mocked-styled-10 el-top-bar"
      style="container-type: inline-size; container-name: top-bar;"
    >
      <div
        class="mocked-styled-11 el-top-bar-left-content"
      >
        <div
          class="el-main-nav-container el-button-group"
        >
          <a
            aria-label="Button 1"
            class="mocked-styled-26 el-nav-item-anchor"
            href="/"
          >
            <span
              class="mocked-styled-24 el-nav-item-label-container"
            >
              Button 1
            </span>
          </a>
          <a
            aria-label="Button 2"
            class="mocked-styled-26 el-nav-item-anchor"
            href="/"
          >
            <span
              class="mocked-styled-24 el-nav-item-label-container"
            >
              Button 2
            </span>
          </a>
          <a
            aria-label="Button 3"
            class="mocked-styled-26 el-nav-item-anchor"
            href="/"
          >
            <span
              class="mocked-styled-24 el-nav-item-label-container"
            >
              Button 3
            </span>
          </a>
          <a
            aria-label="Button 4"
            class="mocked-styled-26 el-nav-item-anchor"
            href="/"
          >
            <span
              class="mocked-styled-24 el-nav-item-label-container"
            >
              Button 4
            </span>
          </a>
          <style>
            
         .el-container-query-1 {
          display: contents;

          @container top-bar (width &lt; 1440px)  {
            display: none;
          }
      }
          </style>
          <div
            class="el-container-query-1"
          >
            <a
              aria-label="Button 5"
              class="mocked-styled-26 el-nav-item-anchor"
              href="/"
            >
              <span
                class="mocked-styled-24 el-nav-item-label-container"
              >
                Button 5
              </span>
            </a>
            <a
              aria-label="Button 6"
              class="mocked-styled-26 el-nav-item-anchor"
              href="/"
            >
              <span
                class="mocked-styled-24 el-nav-item-label-container"
              >
                Button 6
              </span>
            </a>
            <a
              aria-label="Button 7"
              class="mocked-styled-26 el-nav-item-anchor"
              href="/"
            >
              <span
                class="mocked-styled-24 el-nav-item-label-container"
              >
                Button 7
              </span>
            </a>
          </div>
          <style>
            
         .el-container-query-2 {
          display: contents;

          @container top-bar not (width &lt; 1440px)  {
            display: none;
          }
      }
          </style>
          <div
            class="el-container-query-2"
          >
            <div
              class="mocked-styled-17 el-menu"
            >
              <button
                aria-expanded="false"
                aria-haspopup="true"
                class="mocked-styled-23 el-nav-dropdown-button"
                role="button"
                type="button"
              >
                More
                <div
                  data-testid="icon"
                />
              </button>
            </div>
          </div>
        </div>
      </div>
      <div
        class="mocked-styled-12 el-top-bar-right-content"
      >
        <div
          class="mocked-styled-13 el-search-container"
        >
          <div
            class="mocked-styled-6 el-nav-search-button-container"
          >
            <button
              aria-label="nav-icon-item-example"
              class="mocked-styled-3 el-button-nav-icon-item"
            >
              <div
                data-testid="icon"
              />
            </button>
            <button
              class="mocked-styled-5 el-nav-search-button"
            >
              <svg
                aria-hidden="true"
                class="mocked-styled-7 el-nav-search-button-icon"
                fill="none"
                height="16"
                viewBox="0 0 16 16"
                width="16"
                xmlns="http://www.w3.org/2000/svg"
              >
                <path
                  d="M14.4733 13.5266L10.8733 9.93331C11.6055 9.00212 12.0024 7.85126 11.9999 6.66665C11.9999 3.72113 9.6121 1.33331 6.66659 1.33331C3.72107 1.33331 1.33325 3.72113 1.33325 6.66665C1.33325 9.61217 3.72107 12 6.66659 12C7.8512 12.0025 9.00206 11.6056 9.93325 10.8733L13.5266 14.4733C13.6518 14.5995 13.8222 14.6705 13.9999 14.6705C14.1777 14.6705 14.3481 14.5995 14.4733 14.4733C14.5995 14.3481 14.6705 14.1777 14.6705 14C14.6705 13.8222 14.5995 13.6518 14.4733 13.5266ZM2.66659 6.66665C2.66659 4.45751 4.45745 2.66665 6.66659 2.66665C8.87572 2.66665 10.6666 4.45751 10.6666 6.66665C10.6666 8.87579 8.87572 10.6666 6.66659 10.6666C4.45745 10.6666 2.66659 8.87579 2.66659 6.66665Z"
                  fill="currentColor"
                />
              </svg>
              <span
                class="mocked-styled-8 el-nav-search-button-placeholder"
              >
                Search
              </span>
              <span
                class="mocked-styled-9 el-nav-search-button-shortcut-text"
              >
                Ctrl + K
              </span>
            </button>
          </div>
           
        </div>
        <div
          class="mocked-styled-15 el-button-group"
        >
          <button
            aria-label="example 1"
            class="mocked-styled-3 el-button-nav-icon-item"
          >
            <div
              data-testid="icon"
            />
          </button>
          <button
            aria-label="example 2"
            class="mocked-styled-3 el-button-nav-icon-item"
          >
            <div
              data-testid="icon"
            />
          </button>
          <button
            aria-label="example 3"
            class="mocked-styled-3 el-button-nav-icon-item"
          >
            <div
              data-testid="icon"
            />
          </button>
        </div>
        <div
          class="mocked-styled-14 el-top-bar-menu-button-container"
        >
          <button
            aria-label="Open Navigation Menu"
            class="mocked-styled-3 el-button-nav-icon-item"
          >
            <svg
              fill="none"
              height="24"
              viewBox="0 0 24 24"
              width="24"
              xmlns="http://www.w3.org/2000/svg"
            >
              <path
                d="M3 7C2.44772 7 2 7.44772 2 8C2 8.55229 2.44772 9 3 9H21C21.5523 9 22 8.55229 22 8C22 7.44772 21.5523 7 21 7H3Z"
                fill="#798DA1"
              />
              <path
                d="M3 15C2.44772 15 2 15.4477 2 16C2 16.5523 2.44772 17 3 17H21C21.5523 17 22 16.5523 22 16C22 15.4477 21.5523 15 21 15H3Z"
                fill="#798DA1"
              />
            </svg>
          </button>
        </div>
        <button
          aria-label="Open user navigation menu"
          class="el-top-bar-avatar el-avatar-button"
        >
          <span
            class="mocked-styled-1 el-avatar"
            data-colour="purple"
            data-shape="circle"
            data-size="small"
            role="presentation"
          >
            AD
          </span>
        </button>
      </div>
    </div>
  </nav>
</DocumentFragment>
`;
