// Vitest Snapshot v1, https://vitest.dev/guide/snapshot.html

exports[`TableHead > should match snapshot 1`] = `
<DocumentFragment>
  <thead
    class="mocked-styled-0 el-table-head"
    data-position="relative"
  >
    <tr
      class="mocked-styled-1 el-table-row-head"
    >
      Mock Children
    </tr>
  </thead>
</DocumentFragment>
`;
