// Vitest Snapshot v1, https://vitest.dev/guide/snapshot.html

exports[`TableHead > should match snapshot 1`] = `
<DocumentFragment>
  <table
    class="mocked-styled-1 el-table"
  >
    <thead
      class="mocked-styled-0 el-table-head"
      data-position="relative"
      role="columnheader"
    >
      <th>
        test th
      </th>
    </thead>
  </table>
</DocumentFragment>
`;
