// Vitest Snapshot v1, https://vitest.dev/guide/snapshot.html

exports[`SecondaryNav component > should match a snapshot 1`] = `
<DocumentFragment>
  <div
    class="mocked-styled-0 el-secondary-nav"
  >
    <div
      class="mocked-styled-1 el-secondary-nav-item"
      role="button"
      tabindex="0"
    >
      App List
    </div>
    <div
      class="el-is-active el-secondary-nav-item"
      role="button"
      tabindex="0"
    >
      Create App
    </div>
  </div>
</DocumentFragment>
`;
