// Jest Snapshot v1, https://goo.gl/fbAQLP

exports[`NavMenuButton matches snapshot when collapsed 1`] = `
<DocumentFragment>
  <mock-styled.button
    type="button"
  >
    Test Button
    <div
      data-testid="icon"
    />
  </mock-styled.button>
</DocumentFragment>
`;

exports[`NavMenuButton matches snapshot when expanded 1`] = `
<DocumentFragment>
  <mock-styled.button
    type="button"
  >
    Test Button
    <div
      data-testid="icon"
    />
  </mock-styled.button>
</DocumentFragment>
`;
