// Jest Snapshot v1, https://goo.gl/fbAQLP

exports[`NavSearchButton should match snapshot 1`] = `
<DocumentFragment>
  <mock-styled.button>
    <mock-styled.svg
      icon="search"
    />
    <mock-styled.span>
      Search
    </mock-styled.span>
    <mock-styled.span>
      Ctrl + K
    </mock-styled.span>
  </mock-styled.button>
</DocumentFragment>
`;
