// Vitest Snapshot v1, https://vitest.dev/guide/snapshot.html

exports[`Features > should render the component 1`] = `
<DocumentFragment>
  <ul
    class="mocked-styled-2 el-features"
  >
    <li
      aria-describedby="tooltip-id-test-static-id"
      aria-label="Bathrooms"
      class="mocked-styled-1 el-features-item"
      data-visible-id="tooltip-id-test-static-id"
    >
      <span
        class="mocked-styled-0 el-features-item-icon"
      >
        <span>
          icon
        </span>
      </span>
      1
    </li>
    <li
      aria-describedby="tooltip-id-test-static-id"
      aria-label="Bedrooms"
      class="mocked-styled-1 el-features-item"
      data-visible-id="tooltip-id-test-static-id"
    >
      <span
        class="mocked-styled-0 el-features-item-icon"
      >
        <span>
          icon
        </span>
      </span>
      2
    </li>
  </ul>
</DocumentFragment>
`;
