// Vitest Snapshot v1, https://vitest.dev/guide/snapshot.html

exports[`renders AppSwitcherYourAppsMenuGroup properly 1`] = `
<DocumentFragment>
  <div
    aria-labelledby=":r0:"
    class="mocked-styled-0 el-menu-group"
    role="group"
  >
    <div
      class="mocked-styled-1 el-menu-group-label-container"
      id=":r0:"
    >
      YOUR APPS
    </div>
    Fake child
  </div>
</DocumentFragment>
`;
